MAP
IMAGETYPE PNG
  NAME 'Web map'
  SIZE 300 300
  UNITS dd
  EXTENT 60.2289530630876442 48.9969740071353286 110.0024212413648002 57.9999999949999889
 OUTPUTFORMAT
	NAME png
	DRIVER "AGG/PNG"
	MIMETYPE "image/png"
	IMAGEMODE RGBA
	EXTENSION "png"
TRANSPARENT   ON

  END
  WEB
    TEMPLATE  '/var/www/html/index1.html'
    IMAGEPATH '/var/www/html/'
    IMAGEURL  '/var/www/html/'
  METADATA
  "wms_enable_request" "*" 
      "wms_title"          'QGIS-MAP'
      "wms_onlineresource"  'http://localhost/cgi-bin/mapserv?map=/var/www/html/map.map&'
      "wms_abstract" "This is the WMS demo from GIS-Lab"
      "wms_srs"             'EPSG:4326'
      "wms_feature_info_mime_type" "text/html"
    "wms_format" "image/png"
    END
  END
   PROJECTION
     "proj=longlat"
    "datum=WGS84"
    "no_defs"
   END

 LAYER
    NAME test
    TYPE RASTER
 	DUMP true
    TEMPLATE fooOnlyForWMSGetFeatureInfo
    EXTENT 60.2289530630876442 48.9969740071353286 110.0024212413648002 57.9999999949999889
    DATA '/var/www/html/t3.tif'


    METADATA
      wms_title 'test'
      wms_abstract 'test'
      "wms_server_version" "1.1.1"
      "wms_srs" "EPSG:4326"

   END
   STATUS ON

 	PROCESSING "RESAMPLE=BILINEAR"
 	PROCESSING "NODATA=0"
    	PROCESSING "SCALE=0,255" 
 	TRANSPARENCY 100
 	OPACITY 100


   END
LAYER
    NAME sentinel432-2
    TYPE RASTER
 	DUMP true
    TEMPLATE fooOnlyForWMSGetFeatureInfo
    EXTENT 60.2289530630876442 48.9969740071353286 110.0024212413648002 57.9999999949999889
    DATA '/var/www/html/sentinel-432.tif'


    METADATA
      wms_title 'test'
      wms_abstract 'test'
      "wms_server_version" "1.1.1"
      "wms_srs" "EPSG:4326"

   END
   STATUS ON

 	PROCESSING "RESAMPLE=BILINEAR"
 	PROCESSING "NODATA=0"
    	PROCESSING "SCALE=0,255" 
 	TRANSPARENCY 100
 	OPACITY 100


   END

LAYER
    NAME ndci
    TYPE RASTER
 	DUMP true
    TEMPLATE fooOnlyForWMSGetFeatureInfo
    EXTENT 60.2289530630876442 48.9969740071353286 110.0024212413648002 57.9999999949999889
    DATA '/var/www/html/ndci-map.tif'


    METADATA
      wms_title 'test'
      wms_abstract 'test'
      "wms_server_version" "1.1.1"
      "wms_srs" "EPSG:4326"

   END
   STATUS ON

 	PROCESSING "RESAMPLE=BILINEAR"
 	PROCESSING "NODATA=0"
    	PROCESSING "SCALE=0,255" 
 	TRANSPARENCY 100
 	OPACITY 100


   END

LAYER
    NAME ndci2
    TYPE RASTER
 	DUMP true
    TEMPLATE fooOnlyForWMSGetFeatureInfo
    EXTENT 60.2289530630876442 48.9969740071353286 110.0024212413648002 57.9999999949999889
    #DATA '/var/www/html/nov-ndci.tif'
DATA '/home/alex/DCORP/SatGis/satgis/rasters/S2A_MSIL1C_20180816T053641_N0206_R005_T44UNF_20180816T083341/ndwi.tif'


    METADATA
      wms_title 'test'
      wms_abstract 'test'
      "wms_server_version" "1.1.1"
      "wms_srs" "EPSG:4326"

   END
   STATUS ON

 	PROCESSING "RESAMPLE=BILINEAR"
 	PROCESSING "NODATA=0"
    	PROCESSING "SCALE=0,255" 
 	TRANSPARENCY 100
 	OPACITY 100


   END

LAYER
    NAME vdn_0309
    TYPE RASTER
 	DUMP true
    TEMPLATE fooOnlyForWMSGetFeatureInfo
    EXTENT 60.2289530630876442 48.9969740071353286 110.0024212413648002 57.9999999949999889
    DATA '/var/www/html/432_vdn_0309.tif'


    METADATA
      wms_title 'test'
      wms_abstract 'test'
      "wms_server_version" "1.1.1"
      "wms_srs" "EPSG:4326"

   END
   STATUS ON

 	PROCESSING "RESAMPLE=BILINEAR"
 	PROCESSING "NODATA=0"
    	PROCESSING "SCALE=0,255" 
 	TRANSPARENCY 100
 	OPACITY 100


   END


END